# serializer version: 1
# name: test_mower_snapshot[calendar]
  None
# ---
