# serializer version: 1
# name: test_snapshot
  dict({
    'c7233734-b219-4287-a173-08e3643f89f0': MowerAttributes(system=System(name='Test Mower 1', model='Husqvarna Automower 315X', serial_number=123), battery=Battery(battery_percent=100), capabilities=Capabilities(headlights=True, work_areas=False, position=True, stay_out_zones=False), mower=Mower(mode='MAIN_AREA', activity='PARKED_IN_CS', state='RESTRICTED', error_code=0, error_code_dateteime=None), calendar=Tasks(tasks=[Calendar(start=1140, duration=300, monday=True, tuesday=False, wednesday=True, thursday=False, friday=True, saturday=False, sunday=False), Calendar(start=0, duration=480, monday=False, tuesday=True, wednesday=False, thursday=True, friday=False, saturday=True, sunday=False)]), planner=Planner(next_start_dateteime=datetime.datetime(2023, 6, 5, 21, 0, tzinfo=datetime.timezone(datetime.timedelta(seconds=7200), 'CEST')), override=Override(action='NOT_ACTIVE'), restricted_reason='WEEK_SCHEDULE'), metadata=Metadata(connected=True, status_dateteime=datetime.datetime(2023, 10, 18, 22, 58, 52, 683000, tzinfo=datetime.timezone.utc)), positions=[Positions(latitude=35.5402913, longitude=-82.5527055), Positions(latitude=35.5407693, longitude=-82.5521503), Positions(latitude=35.5403241, longitude=-82.5522924), Positions(latitude=35.5406973, longitude=-82.5518579), Positions(latitude=35.5404659, longitude=-82.5516567), Positions(latitude=35.5406318, longitude=-82.5515709), Positions(latitude=35.5402477, longitude=-82.5519437), Positions(latitude=35.5403503, longitude=-82.5516889), Positions(latitude=35.5401429, longitude=-82.551536), Positions(latitude=35.5405489, longitude=-82.5512195), Positions(latitude=35.5404005, longitude=-82.5512115), Positions(latitude=35.5405969, longitude=-82.551418), Positions(latitude=35.5403437, longitude=-82.5523917), Positions(latitude=35.5403481, longitude=-82.5520054)], statistics=Statistics(number_of_charging_cycles=1380, number_of_collisions=11396, total_charging_time=4334400, total_cutting_time=4194000, total_drive_distance=1780272, total_running_time=4564800, total_searching_time=370800, cutting_blade_usage_time=0), headlight=Headlight(mode='EVENING_ONLY'), cutting_height=None, stay_out_zones=None, work_areas=None),
  })
# ---
